0 verbose cli C:\Program Files\nodejs\node.exe C:\Program Files\nodejs\node_modules\npm\bin\npm-cli.js
1 info using npm@11.12.1
2 info using node@v24.15.0
3 silly config load:file:C:\Program Files\nodejs\node_modules\npm\npmrc
4 silly config load:file:D:\04_made_C#\InoRobotAssistant\tmp\vendor\.npmrc
5 silly config load:file:C:\Users\JCLEE\.npmrc
6 silly config load:file:C:\Users\JCLEE\AppData\Roaming\npm\etc\npmrc
7 verbose title npm pack three@0.156.1
8 verbose argv "pack" "three@0.156.1"
9 verbose logfile logs-max:10 dir:D:\04_made_C#\InoRobotAssistant\tmp\npm-cache\_logs\2026-07-19T12_44_42_357Z-
10 verbose logfile D:\04_made_C#\InoRobotAssistant\tmp\npm-cache\_logs\2026-07-19T12_44_42_357Z-debug-0.log
11 silly logfile done cleaning log files
12 http fetch GET 200 https://registry.npmjs.org/three 118ms (cache miss)
13 http fetch GET 200 https://registry.npmjs.org/three 29ms (cache revalidated)
14 http fetch GET 200 https://registry.npmjs.org/three/-/three-0.156.1.tgz 203ms (cache miss)
15 notice
16 notice package: three@0.156.1
17 notice Tarball Contents
18 notice 1.1kB LICENSE
18 notice 3.0kB README.md
18 notice 1.2MB build/three.cjs
18 notice 1.3MB build/three.js
18 notice 645.3kB build/three.min.js
18 notice 1.2MB build/three.module.js
18 notice 646.1kB build/three.module.min.js
18 notice 329.9kB examples/fonts/droid/droid_sans_bold.typeface.json
18 notice 190.6kB examples/fonts/droid/droid_sans_mono_regular.typeface.json
18 notice 319.9kB examples/fonts/droid/droid_sans_regular.typeface.json
18 notice 485.4kB examples/fonts/droid/droid_serif_bold.typeface.json
18 notice 477.1kB examples/fonts/droid/droid_serif_regular.typeface.json
18 notice 10.7kB examples/fonts/droid/NOTICE
18 notice 692B examples/fonts/droid/README.txt
18 notice 649.3kB examples/fonts/gentilis_bold.typeface.json
18 notice 627.5kB examples/fonts/gentilis_regular.typeface.json
18 notice 61.6kB examples/fonts/helvetiker_bold.typeface.json
18 notice 63.2kB examples/fonts/helvetiker_regular.typeface.json
18 notice 2.0kB examples/fonts/LICENSE
18 notice 112.2kB examples/fonts/optimer_bold.typeface.json
18 notice 110.7kB examples/fonts/optimer_regular.typeface.json
18 notice 334B examples/fonts/README.md
18 notice 18.1kB examples/fonts/ttf/kenpixel.ttf
18 notice 188B examples/fonts/ttf/README.md
18 notice 2.6kB examples/jsm/animation/AnimationClipCreator.js
18 notice 9.9kB examples/jsm/animation/CCDIKSolver.js
18 notice 25.1kB examples/jsm/animation/MMDAnimationHelper.js
18 notice 28.1kB examples/jsm/animation/MMDPhysics.js
18 notice 6.1kB examples/jsm/cameras/CinematicCamera.js
18 notice 1.7kB examples/jsm/capabilities/WebGL.js
18 notice 1.0kB examples/jsm/capabilities/WebGPU.js
18 notice 80.1kB examples/jsm/controls/ArcballControls.js
18 notice 4.6kB examples/jsm/controls/DragControls.js
18 notice 6.8kB examples/jsm/controls/FirstPersonControls.js
18 notice 7.5kB examples/jsm/controls/FlyControls.js
18 notice 863B examples/jsm/controls/MapControls.js
18 notice 28.9kB examples/jsm/controls/OrbitControls.js
18 notice 3.3kB examples/jsm/controls/PointerLockControls.js
18 notice 17.4kB examples/jsm/controls/TrackballControls.js
18 notice 40.3kB examples/jsm/controls/TransformControls.js
18 notice 9.3kB examples/jsm/csm/CSM.js
18 notice 2.7kB examples/jsm/csm/CSMFrustum.js
18 notice 5.8kB examples/jsm/csm/CSMHelper.js
18 notice 9.8kB examples/jsm/csm/CSMShader.js
18 notice 7.3kB examples/jsm/curves/CurveExtras.js
18 notice 1.9kB examples/jsm/curves/NURBSCurve.js
18 notice 1.3kB examples/jsm/curves/NURBSSurface.js
18 notice 7.9kB examples/jsm/curves/NURBSUtils.js
18 notice 3.5kB examples/jsm/effects/AnaglyphEffect.js
18 notice 6.1kB examples/jsm/effects/AsciiEffect.js
18 notice 13.0kB examples/jsm/effects/OutlineEffect.js
18 notice 2.4kB examples/jsm/effects/ParallaxBarrierEffect.js
18 notice 3.5kB examples/jsm/effects/PeppersGhostEffect.js
18 notice 1.2kB examples/jsm/effects/StereoEffect.js
18 notice 1.3kB examples/jsm/environments/DebugEnvironment.js
18 notice 3.7kB examples/jsm/environments/RoomEnvironment.js
18 notice 6.6kB examples/jsm/exporters/DRACOExporter.js
18 notice 10.6kB examples/jsm/exporters/EXRExporter.js
18 notice 74.5kB examples/jsm/exporters/GLTFExporter.js
18 notice 6.6kB examples/jsm/exporters/KTX2Exporter.js
18 notice 4.1kB examples/jsm/exporters/MMDExporter.js
18 notice 5.4kB examples/jsm/exporters/OBJExporter.js
18 notice 12.0kB examples/jsm/exporters/PLYExporter.js
18 notice 3.9kB examples/jsm/exporters/STLExporter.js
18 notice 17.0kB examples/jsm/exporters/USDZExporter.js
18 notice 2.0kB examples/jsm/geometries/BoxLineGeometry.js
18 notice 1.0kB examples/jsm/geometries/ConvexGeometry.js
18 notice 8.5kB examples/jsm/geometries/DecalGeometry.js
18 notice 5.5kB examples/jsm/geometries/ParametricGeometries.js
18 notice 2.5kB examples/jsm/geometries/ParametricGeometry.js
18 notice 4.6kB examples/jsm/geometries/RoundedBoxGeometry.js
18 notice 19.5kB examples/jsm/geometries/TeapotGeometry.js
18 notice 1.3kB examples/jsm/geometries/TextGeometry.js
18 notice 2.8kB examples/jsm/helpers/LightProbeHelper.js
18 notice 2.0kB examples/jsm/helpers/OctreeHelper.js
18 notice 2.7kB examples/jsm/helpers/PositionalAudioHelper.js
18 notice 2.1kB examples/jsm/helpers/RectAreaLightHelper.js
18 notice 1.8kB examples/jsm/helpers/VertexNormalsHelper.js
18 notice 1.7kB examples/jsm/helpers/VertexTangentsHelper.js
18 notice 8.1kB examples/jsm/helpers/ViewHelper.js
18 notice 12.7kB examples/jsm/interactive/HTMLMesh.js
18 notice 3.0kB examples/jsm/interactive/InteractiveGroup.js
18 notice 6.1kB examples/jsm/interactive/SelectionBox.js
18 notice 2.6kB examples/jsm/interactive/SelectionHelper.js
18 notice 393.8kB examples/jsm/libs/ammo.wasm.js
18 notice 651.4kB examples/jsm/libs/ammo.wasm.wasm
18 notice 62.3kB examples/jsm/libs/basis/basis_transcoder.js
18 notice 499.9kB examples/jsm/libs/basis/basis_transcoder.wasm
18 notice 1.4kB examples/jsm/libs/basis/README.md
18 notice 157.4kB examples/jsm/libs/chevrotain.module.min.js
18 notice 719.4kB examples/jsm/libs/draco/draco_decoder.js
18 notice 285.7kB examples/jsm/libs/draco/draco_decoder.wasm
18 notice 928.7kB examples/jsm/libs/draco/draco_encoder.js
18 notice 58.8kB examples/jsm/libs/draco/draco_wasm_wrapper.js
18 notice 512.5kB examples/jsm/libs/draco/gltf/draco_decoder.js
18 notice 192.4kB examples/jsm/libs/draco/gltf/draco_decoder.wasm
18 notice 954.4kB examples/jsm/libs/draco/gltf/draco_encoder.js
18 notice 58.5kB examples/jsm/libs/draco/gltf/draco_wasm_wrapper.js
18 notice 1.5kB examples/jsm/libs/draco/README.md
18 notice 45.5kB examples/jsm/libs/ecsy.module.js
18 notice 83.3kB examples/jsm/libs/fflate.module.js
18 notice 18.7kB examples/jsm/libs/ktx-parse.module.js
18 notice 29.5kB examples/jsm/libs/lil-gui.module.min.js
18 notice 476.9kB examples/jsm/libs/lottie_canvas.module.js
18 notice 24.9kB examples/jsm/libs/meshopt_decoder.module.js
18 notice 48.5kB examples/jsm/libs/mikktspace.module.js
18 notice 158.6kB examples/jsm/libs/mmdparser.module.js
18 notice 13.5kB examples/jsm/libs/motion-controllers.module.js
18 notice 469.4kB examples/jsm/libs/opentype.module.js
18 notice 4.0kB examples/jsm/libs/potpack.module.js
18 notice 134.7kB examples/jsm/libs/rhino3dm/rhino3dm.js
18 notice 134.3kB examples/jsm/libs/rhino3dm/rhino3dm.module.js
18 notice 2.8MB examples/jsm/libs/rhino3dm/rhino3dm.wasm
18 notice 3.5kB examples/jsm/libs/stats.module.js
18 notice 31.3kB examples/jsm/libs/tween.module.js
18 notice 100.8kB examples/jsm/libs/utif.module.js
18 notice 39.8kB examples/jsm/libs/zstddec.module.js
18 notice 387B examples/jsm/lights/IESSpotLight.js
18 notice 5.6kB examples/jsm/lights/LightProbeGenerator.js
18 notice 313.9kB examples/jsm/lights/RectAreaLightUniformsLib.js
18 notice 433B examples/jsm/lines/Line2.js
18 notice 1.5kB examples/jsm/lines/LineGeometry.js
18 notice 12.4kB examples/jsm/lines/LineMaterial.js
18 notice 9.3kB examples/jsm/lines/LineSegments2.js
18 notice 4.6kB examples/jsm/lines/LineSegmentsGeometry.js
18 notice 1.6kB examples/jsm/lines/Wireframe.js
18 notice 419B examples/jsm/lines/WireframeGeometry2.js
18 notice 31.2kB examples/jsm/loaders/3DMLoader.js
18 notice 34.5kB examples/jsm/loaders/3MFLoader.js
18 notice 10.7kB examples/jsm/loaders/AMFLoader.js
18 notice 9.0kB examples/jsm/loaders/BVHLoader.js
18 notice 83.9kB examples/jsm/loaders/ColladaLoader.js
18 notice 7.2kB examples/jsm/loaders/DDSLoader.js
18 notice 13.6kB examples/jsm/loaders/DRACOLoader.js
18 notice 55.0kB examples/jsm/loaders/EXRLoader.js
18 notice 97.7kB examples/jsm/loaders/FBXLoader.js
18 notice 3.2kB examples/jsm/loaders/FontLoader.js
18 notice 5.4kB examples/jsm/loaders/GCodeLoader.js
18 notice 106.2kB examples/jsm/loaders/GLTFLoader.js
18 notice 2.2kB examples/jsm/loaders/HDRCubeTextureLoader.js
18 notice 7.1kB examples/jsm/loaders/IESLoader.js
18 notice 2.2kB examples/jsm/loaders/KMZLoader.js
18 notice 22.6kB examples/jsm/loaders/KTX2Loader.js
18 notice 6.5kB examples/jsm/loaders/KTXLoader.js
18 notice 56.9kB examples/jsm/loaders/LDrawLoader.js
18 notice 19.4kB examples/jsm/loaders/LogLuvLoader.js
18 notice 1.5kB examples/jsm/loaders/LottieLoader.js
18 notice 3.9kB examples/jsm/loaders/LUT3dlLoader.js
18 notice 3.4kB examples/jsm/loaders/LUTCubeLoader.js
18 notice 26.6kB examples/jsm/loaders/lwo/IFFParser.js
18 notice 10.1kB examples/jsm/loaders/lwo/LWO2Parser.js
18 notice 9.3kB examples/jsm/loaders/lwo/LWO3Parser.js
18 notice 23.5kB examples/jsm/loaders/LWOLoader.js
18 notice 15.0kB examples/jsm/loaders/MaterialXLoader.js
18 notice 12.4kB examples/jsm/loaders/MD2Loader.js
18 notice 2.3kB examples/jsm/loaders/MDDLoader.js
18 notice 51.9kB examples/jsm/loaders/MMDLoader.js
18 notice 10.6kB examples/jsm/loaders/MTLLoader.js
18 notice 13.7kB examples/jsm/loaders/NRRDLoader.js
18 notice 21.2kB examples/jsm/loaders/OBJLoader.js
18 notice 12.3kB examples/jsm/loaders/PCDLoader.js
18 notice 6.9kB examples/jsm/loaders/PDBLoader.js
18 notice 16.6kB examples/jsm/loaders/PLYLoader.js
18 notice 4.7kB examples/jsm/loaders/PVRLoader.js
18 notice 11.4kB examples/jsm/loaders/RGBELoader.js
18 notice 28.3kB examples/jsm/loaders/RGBMLoader.js
18 notice 10.0kB examples/jsm/loaders/STLLoader.js
18 notice 69.6kB examples/jsm/loaders/SVGLoader.js
18 notice 24.7kB examples/jsm/loaders/TDSLoader.js
18 notice 11.2kB examples/jsm/loaders/TGALoader.js
18 notice 572B examples/jsm/loaders/TIFFLoader.js
18 notice 14.5kB examples/jsm/loaders/TiltLoader.js
18 notice 4.2kB examples/jsm/loaders/TTFLoader.js
18 notice 11.5kB examples/jsm/loaders/USDZLoader.js
18 notice 8.8kB examples/jsm/loaders/VOXLoader.js
18 notice 73.2kB examples/jsm/loaders/VRMLLoader.js
18 notice 27.5kB examples/jsm/loaders/VTKLoader.js
18 notice 1.9kB examples/jsm/loaders/XYZLoader.js
18 notice 9.8kB examples/jsm/materials/MeshGouraudMaterial.js
18 notice 2.5kB examples/jsm/math/Capsule.js
18 notice 723B examples/jsm/math/ColorConverter.js
18 notice 21.8kB examples/jsm/math/ConvexHull.js
18 notice 2.6kB examples/jsm/math/ImprovedNoise.js
18 notice 3.8kB examples/jsm/math/Lut.js
18 notice 5.7kB examples/jsm/math/MeshSurfaceSampler.js
18 notice 10.2kB examples/jsm/math/OBB.js
18 notice 9.2kB examples/jsm/math/Octree.js
18 notice 14.4kB examples/jsm/math/SimplexNoise.js
18 notice 13.6kB examples/jsm/misc/ConvexObjectBreaker.js
18 notice 11.8kB examples/jsm/misc/GPUComputationRenderer.js
18 notice 1.2kB examples/jsm/misc/Gyroscope.js
18 notice 5.2kB examples/jsm/misc/MD2Character.js
18 notice 12.0kB examples/jsm/misc/MD2CharacterComplex.js
18 notice 1.1kB examples/jsm/misc/MorphAnimMesh.js
18 notice 5.5kB examples/jsm/misc/MorphBlendMesh.js
18 notice 11.1kB examples/jsm/misc/ProgressiveLightMap.js
18 notice 13.8kB examples/jsm/misc/RollerCoaster.js
18 notice 4.7kB examples/jsm/misc/TubePainter.js
18 notice 13.5kB examples/jsm/misc/Volume.js
18 notice 6.2kB examples/jsm/misc/VolumeSlice.js
18 notice 9.1kB examples/jsm/modifiers/CurveModifier.js
18 notice 5.3kB examples/jsm/modifiers/EdgeSplitModifier.js
18 notice 10.1kB examples/jsm/modifiers/SimplifyModifier.js
18 notice 6.2kB examples/jsm/modifiers/TessellateModifier.js
18 notice 2.4kB examples/jsm/nodes/accessors/BitangentNode.js
18 notice 3.1kB examples/jsm/nodes/accessors/BufferAttributeNode.js
18 notice 598B examples/jsm/nodes/accessors/BufferNode.js
18 notice 2.2kB examples/jsm/nodes/accessors/CameraNode.js
18 notice 2.7kB examples/jsm/nodes/accessors/CubeTextureNode.js
18 notice 1.9kB examples/jsm/nodes/accessors/ExtendedMaterialNode.js
18 notice 2.0kB examples/jsm/nodes/accessors/InstanceNode.js
18 notice 803B examples/jsm/nodes/accessors/LineMaterialNode.js
18 notice 8.0kB examples/jsm/nodes/accessors/MaterialNode.js
18 notice 965B examples/jsm/nodes/accessors/MaterialReferenceNode.js
18 notice 1.1kB examples/jsm/nodes/accessors/ModelNode.js
18 notice 687B examples/jsm/nodes/accessors/ModelViewProjectionNode.js
18 notice 1.6kB examples/jsm/nodes/accessors/MorphNode.js
18 notice 2.4kB examples/jsm/nodes/accessors/NormalNode.js
18 notice 3.8kB examples/jsm/nodes/accessors/Object3DNode.js
18 notice 429B examples/jsm/nodes/accessors/PointUVNode.js
18 notice 2.6kB examples/jsm/nodes/accessors/PositionNode.js
18 notice 1.2kB examples/jsm/nodes/accessors/ReferenceNode.js
18 notice 733B examples/jsm/nodes/accessors/ReflectVectorNode.js
18 notice 1.2kB examples/jsm/nodes/accessors/SceneNode.js
18 notice 2.6kB examples/jsm/nodes/accessors/SkinningNode.js
18 notice 578B examples/jsm/nodes/accessors/StorageBufferNode.js
18 notice 2.3kB examples/jsm/nodes/accessors/TangentNode.js
18 notice 3.0kB examples/jsm/nodes/accessors/TextureBicubicNode.js
18 notice 5.5kB examples/jsm/nodes/accessors/TextureNode.js
18 notice 835B examples/jsm/nodes/accessors/TextureSizeNode.js
18 notice 528B examples/jsm/nodes/accessors/TextureStoreNode.js
18 notice 644B examples/jsm/nodes/accessors/UserDataNode.js
18 notice 714B examples/jsm/nodes/accessors/UVNode.js
18 notice 1.3kB examples/jsm/nodes/code/CodeNode.js
18 notice 637B examples/jsm/nodes/code/ExpressionNode.js
18 notice 1.8kB examples/jsm/nodes/code/FunctionCallNode.js
18 notice 2.5kB examples/jsm/nodes/code/FunctionNode.js
18 notice 7.8kB examples/jsm/nodes/code/ScriptableNode.js
18 notice 3.2kB examples/jsm/nodes/code/ScriptableValueNode.js
18 notice 389B examples/jsm/nodes/core/ArrayUniformNode.js
18 notice 2.0kB examples/jsm/nodes/core/AttributeNode.js
18 notice 729B examples/jsm/nodes/core/BypassNode.js
18 notice 768B examples/jsm/nodes/core/CacheNode.js
18 notice 612B examples/jsm/nodes/core/constants.js
18 notice 538B examples/jsm/nodes/core/ConstNode.js
18 notice 1.1kB examples/jsm/nodes/core/ContextNode.js
18 notice 1.2kB examples/jsm/nodes/core/IndexNode.js
18 notice 1.4kB examples/jsm/nodes/core/InputNode.js
18 notice 293B examples/jsm/nodes/core/LightingModel.js
18 notice 7.9kB examples/jsm/nodes/core/Node.js
18 notice 196B examples/jsm/nodes/core/NodeAttribute.js
18 notice 20.7kB examples/jsm/nodes/core/NodeBuilder.js
18 notice 274B examples/jsm/nodes/core/NodeCache.js
18 notice 217B examples/jsm/nodes/core/NodeCode.js
18 notice 2.0kB examples/jsm/nodes/core/NodeFrame.js
18 notice 330B examples/jsm/nodes/core/NodeFunction.js
18 notice 311B examples/jsm/nodes/core/NodeFunctionInput.js
18 notice 1.2kB examples/jsm/nodes/core/NodeKeywords.js
18 notice 127B examples/jsm/nodes/core/NodeParser.js
18 notice 350B examples/jsm/nodes/core/NodeUniform.js
18 notice 4.0kB examples/jsm/nodes/core/NodeUtils.js
18 notice 145B examples/jsm/nodes/core/NodeVar.js
18 notice 229B examples/jsm/nodes/core/NodeVarying.js
18 notice 1.1kB examples/jsm/nodes/core/OutputStructNode.js
18 notice 2.0kB examples/jsm/nodes/core/PropertyNode.js
18 notice 1.7kB examples/jsm/nodes/core/StackNode.js
18 notice 314B examples/jsm/nodes/core/StructTypeNode.js
18 notice 1.3kB examples/jsm/nodes/core/TempNode.js
18 notice 1.3kB examples/jsm/nodes/core/UniformNode.js
18 notice 1.3kB examples/jsm/nodes/core/VarNode.js
18 notice 1.4kB examples/jsm/nodes/core/VaryingNode.js
18 notice 2.5kB examples/jsm/nodes/display/BlendModeNode.js
18 notice 2.0kB examples/jsm/nodes/display/BumpMapNode.js
18 notice 2.7kB examples/jsm/nodes/display/ColorAdjustmentNode.js
18 notice 2.7kB examples/jsm/nodes/display/ColorSpaceNode.js
18 notice 505B examples/jsm/nodes/display/FrontFacingNode.js
18 notice 2.6kB examples/jsm/nodes/display/NormalMapNode.js
18 notice 615B examples/jsm/nodes/display/PosterizeNode.js
18 notice 3.6kB examples/jsm/nodes/display/ToneMappingNode.js
18 notice 2.2kB examples/jsm/nodes/display/ViewportDepthNode.js
18 notice 1.0kB examples/jsm/nodes/display/ViewportDepthTextureNode.js
18 notice 3.0kB examples/jsm/nodes/display/ViewportNode.js
18 notice 817B examples/jsm/nodes/display/ViewportSharedTextureNode.js
18 notice 2.0kB examples/jsm/nodes/display/ViewportTextureNode.js
18 notice 745B examples/jsm/nodes/fog/FogExp2Node.js
18 notice 568B examples/jsm/nodes/fog/FogNode.js
18 notice 722B examples/jsm/nodes/fog/FogRangeNode.js
18 notice 1.3kB examples/jsm/nodes/functions/BSDF/BRDF_GGX.js
18 notice 217B examples/jsm/nodes/functions/BSDF/BRDF_Lambert.js
18 notice 1.6kB examples/jsm/nodes/functions/BSDF/BRDF_Sheen.js
18 notice 559B examples/jsm/nodes/functions/BSDF/D_GGX.js
18 notice 1.0kB examples/jsm/nodes/functions/BSDF/DFGApprox.js
18 notice 367B examples/jsm/nodes/functions/BSDF/EnvironmentBRDF.js
18 notice 549B examples/jsm/nodes/functions/BSDF/F_Schlick.js
18 notice 330B examples/jsm/nodes/functions/BSDF/Schlick_to_F0.js
18 notice 712B examples/jsm/nodes/functions/BSDF/V_GGX_SmithCorrelated.js
18 notice 375B examples/jsm/nodes/functions/material/getGeometryRoughness.js
18 notice 522B examples/jsm/nodes/functions/material/getRoughness.js
18 notice 2.0kB examples/jsm/nodes/functions/PhongLightingModel.js
18 notice 11.2kB examples/jsm/nodes/functions/PhysicalLightingModel.js
18 notice 2.6kB examples/jsm/nodes/geometry/RangeNode.js
18 notice 1.5kB examples/jsm/nodes/gpgpu/ComputeNode.js
18 notice 503B examples/jsm/nodes/lighting/AmbientLightNode.js
18 notice 5.8kB examples/jsm/nodes/lighting/AnalyticLightNode.js
18 notice 442B examples/jsm/nodes/lighting/AONode.js
18 notice 856B examples/jsm/nodes/lighting/DirectionalLightNode.js
18 notice 4.4kB examples/jsm/nodes/lighting/EnvironmentNode.js
18 notice 1.4kB examples/jsm/nodes/lighting/HemisphereLightNode.js
18 notice 866B examples/jsm/nodes/lighting/IESSpotLightNode.js
18 notice 2.5kB examples/jsm/nodes/lighting/LightingContextNode.js
18 notice 268B examples/jsm/nodes/lighting/LightingNode.js
18 notice 1.0kB examples/jsm/nodes/lighting/LightNode.js
18 notice 2.3kB examples/jsm/nodes/lighting/LightsNode.js
18 notice 649B examples/jsm/nodes/lighting/LightUtils.js
18 notice 1.6kB examples/jsm/nodes/lighting/PointLightNode.js
18 notice 2.3kB examples/jsm/nodes/lighting/SpotLightNode.js
18 notice 1.7kB examples/jsm/nodes/loaders/NodeLoader.js
18 notice 918B examples/jsm/nodes/loaders/NodeMaterialLoader.js
18 notice 1.1kB examples/jsm/nodes/loaders/NodeObjectLoader.js
18 notice 506B examples/jsm/nodes/materials/LineBasicNodeMaterial.js
18 notice 1.7kB examples/jsm/nodes/materials/LineDashedNodeMaterial.js
18 notice 1.1kB examples/jsm/nodes/materials/Materials.js
18 notice 482B examples/jsm/nodes/materials/MeshBasicNodeMaterial.js
18 notice 684B examples/jsm/nodes/materials/MeshLambertNodeMaterial.js
18 notice 1.0kB examples/jsm/nodes/materials/MeshNormalNodeMaterial.js
18 notice 1.4kB examples/jsm/nodes/materials/MeshPhongNodeMaterial.js
18 notice 4.2kB examples/jsm/nodes/materials/MeshPhysicalNodeMaterial.js
18 notice 2.0kB examples/jsm/nodes/materials/MeshStandardNodeMaterial.js
18 notice 11.8kB examples/jsm/nodes/materials/NodeMaterial.js
18 notice 770B examples/jsm/nodes/materials/PointsNodeMaterial.js
18 notice 2.5kB examples/jsm/nodes/materials/SpriteNodeMaterial.js
18 notice 10.6kB examples/jsm/nodes/materialx/DISCLAIMER.md
18 notice 1.7kB examples/jsm/nodes/materialx/lib/mx_hsv.js
18 notice 19.1kB examples/jsm/nodes/materialx/lib/mx_noise.js
18 notice 933B examples/jsm/nodes/materialx/lib/mx_transform_color.js
18 notice 4.2kB examples/jsm/nodes/materialx/MaterialXNodes.js
18 notice 2.1kB examples/jsm/nodes/math/CondNode.js
18 notice 804B examples/jsm/nodes/math/HashNode.js
18 notice 10.6kB examples/jsm/nodes/math/MathNode.js
18 notice 6.2kB examples/jsm/nodes/math/OperatorNode.js
18 notice 13.0kB examples/jsm/nodes/Nodes.js
18 notice 2.9kB examples/jsm/nodes/parsers/GLSLNodeFunction.js
18 notice 254B examples/jsm/nodes/parsers/GLSLNodeParser.js
18 notice 795B examples/jsm/nodes/procedural/CheckerNode.js
18 notice 11.0kB examples/jsm/nodes/shadernode/ShaderNode.js
18 notice 594B examples/jsm/nodes/utils/ArrayElementNode.js
18 notice 1.0kB examples/jsm/nodes/utils/ConvertNode.js
18 notice 576B examples/jsm/nodes/utils/DiscardNode.js
18 notice 783B examples/jsm/nodes/utils/EquirectUVNode.js
18 notice 946B examples/jsm/nodes/utils/JoinNode.js
18 notice 4.1kB examples/jsm/nodes/utils/LoopNode.js
18 notice 771B examples/jsm/nodes/utils/MatcapUVNode.js
18 notice 919B examples/jsm/nodes/utils/MaxMipLevelNode.js
18 notice 1.6kB examples/jsm/nodes/utils/OscNode.js
18 notice 1.1kB examples/jsm/nodes/utils/PackingNode.js
18 notice 967B examples/jsm/nodes/utils/RemapNode.js
18 notice 1.0kB examples/jsm/nodes/utils/RotateUVNode.js
18 notice 962B examples/jsm/nodes/utils/SpecularMIPLevelNode.js
18 notice 1.8kB examples/jsm/nodes/utils/SplitNode.js
18 notice 944B examples/jsm/nodes/utils/SpriteSheetUVNode.js
18 notice 1.9kB examples/jsm/nodes/utils/TimerNode.js
18 notice 1.9kB examples/jsm/nodes/utils/TriplanarTexturesNode.js
18 notice 3.4kB examples/jsm/objects/GroundProjectedSkybox.js
18 notice 8.4kB examples/jsm/objects/Lensflare.js
18 notice 38.0kB examples/jsm/objects/MarchingCubes.js
18 notice 7.0kB examples/jsm/objects/Reflector.js
18 notice 10.3kB examples/jsm/objects/ReflectorForSSRPass.js
18 notice 8.1kB examples/jsm/objects/Refractor.js
18 notice 2.0kB examples/jsm/objects/ShadowMesh.js
18 notice 6.8kB examples/jsm/objects/Sky.js
18 notice 11.2kB examples/jsm/objects/Water.js
18 notice 8.4kB examples/jsm/objects/Water2.js
18 notice 645B examples/jsm/offscreen/jank.js
18 notice 188B examples/jsm/offscreen/offscreen.js
18 notice 2.1kB examples/jsm/offscreen/scene.js
18 notice 6.8kB examples/jsm/physics/AmmoPhysics.js
18 notice 3.9kB examples/jsm/physics/RapierPhysics.js
18 notice 2.2kB examples/jsm/postprocessing/AfterimagePass.js
18 notice 4.0kB examples/jsm/postprocessing/BloomPass.js
18 notice 3.4kB examples/jsm/postprocessing/BokehPass.js
18 notice 875B examples/jsm/postprocessing/ClearPass.js
18 notice 1.9kB examples/jsm/postprocessing/CubeTexturePass.js
18 notice 1.4kB examples/jsm/postprocessing/DotScreenPass.js
18 notice 4.7kB examples/jsm/postprocessing/EffectComposer.js
18 notice 1.2kB examples/jsm/postprocessing/FilmPass.js
18 notice 3.1kB examples/jsm/postprocessing/GlitchPass.js
18 notice 1.5kB examples/jsm/postprocessing/HalftonePass.js
18 notice 3.2kB examples/jsm/postprocessing/LUTPass.js
18 notice 2.2kB examples/jsm/postprocessing/MaskPass.js
18 notice 20.3kB examples/jsm/postprocessing/OutlinePass.js
18 notice 2.2kB examples/jsm/postprocessing/OutputPass.js
18 notice 1.6kB examples/jsm/postprocessing/Pass.js
18 notice 1.9kB examples/jsm/postprocessing/RenderPass.js
18 notice 6.2kB examples/jsm/postprocessing/RenderPixelatedPass.js
18 notice 11.4kB examples/jsm/postprocessing/SAOPass.js
18 notice 1.4kB examples/jsm/postprocessing/SavePass.js
18 notice 1.6kB examples/jsm/postprocessing/ShaderPass.js
18 notice 49.5kB examples/jsm/postprocessing/SMAAPass.js
18 notice 6.0kB examples/jsm/postprocessing/SSAARenderPass.js
18 notice 11.4kB examples/jsm/postprocessing/SSAOPass.js
18 notice 18.5kB examples/jsm/postprocessing/SSRPass.js
18 notice 5.0kB examples/jsm/postprocessing/TAARenderPass.js
18 notice 1.3kB examples/jsm/postprocessing/TexturePass.js
18 notice 12.4kB examples/jsm/postprocessing/UnrealBloomPass.js
18 notice 790B examples/jsm/renderers/common/Animation.js
18 notice 1.3kB examples/jsm/renderers/common/Attributes.js
18 notice 2.6kB examples/jsm/renderers/common/Backend.js
18 notice 3.6kB examples/jsm/renderers/common/Background.js
18 notice 265B examples/jsm/renderers/common/Binding.js
18 notice 2.9kB examples/jsm/renderers/common/Bindings.js
18 notice 472B examples/jsm/renderers/common/Buffer.js
18 notice 677B examples/jsm/renderers/common/BufferUtils.js
18 notice 1.1kB examples/jsm/renderers/common/ChainMap.js
18 notice 261B examples/jsm/renderers/common/ComputePipeline.js
18 notice 269B examples/jsm/renderers/common/Constants.js
18 notice 1.9kB examples/jsm/renderers/common/CubeRenderTarget.js
18 notice 510B examples/jsm/renderers/common/DataMap.js
18 notice 4.1kB examples/jsm/renderers/common/Geometries.js
18 notice 1.0kB examples/jsm/renderers/common/Info.js
18 notice 7.9kB examples/jsm/renderers/common/nodes/Nodes.js
18 notice 625B examples/jsm/renderers/common/nodes/NodeSampledTexture.js
18 notice 295B examples/jsm/renderers/common/nodes/NodeSampler.js
18 notice 1.9kB examples/jsm/renderers/common/nodes/NodeUniform.js
18 notice 130B examples/jsm/renderers/common/Pipeline.js
18 notice 9.8kB examples/jsm/renderers/common/Pipelines.js
18 notice 198B examples/jsm/renderers/common/ProgrammableStage.js
18 notice 633B examples/jsm/renderers/common/RenderContext.js
18 notice 1.3kB examples/jsm/renderers/common/RenderContexts.js
18 notice 19.4kB examples/jsm/renderers/common/Renderer.js
18 notice 3.5kB examples/jsm/renderers/common/RenderList.js
18 notice 471B examples/jsm/renderers/common/RenderLists.js
18 notice 2.7kB examples/jsm/renderers/common/RenderObject.js
18 notice 2.2kB examples/jsm/renderers/common/RenderObjects.js
18 notice 281B examples/jsm/renderers/common/RenderPipeline.js
18 notice 1.2kB examples/jsm/renderers/common/SampledTexture.js
18 notice 253B examples/jsm/renderers/common/Sampler.js
18 notice 262B examples/jsm/renderers/common/StorageBuffer.js
18 notice 7.3kB examples/jsm/renderers/common/Textures.js
18 notice 2.0kB examples/jsm/renderers/common/Uniform.js
18 notice 207B examples/jsm/renderers/common/UniformBuffer.js
18 notice 5.4kB examples/jsm/renderers/common/UniformsGroup.js
18 notice 4.4kB examples/jsm/renderers/CSS2DRenderer.js
18 notice 7.9kB examples/jsm/renderers/CSS3DRenderer.js
18 notice 19.4kB examples/jsm/renderers/Projector.js
18 notice 12.5kB examples/jsm/renderers/SVGRenderer.js
18 notice 5.5kB examples/jsm/renderers/webgl-legacy/nodes/GLSL1NodeBuilder.js
18 notice 383B examples/jsm/renderers/webgl-legacy/nodes/SlotNode.js
18 notice 16.9kB examples/jsm/renderers/webgl-legacy/nodes/WebGLNodeBuilder.js
18 notice 1.0kB examples/jsm/renderers/webgl-legacy/nodes/WebGLNodes.js
18 notice 7.5kB examples/jsm/renderers/webgl/nodes/GLSLNodeBuilder.js
18 notice 1.4kB examples/jsm/renderers/webgl/utils/WebGLAttributeUtils.js
18 notice 344B examples/jsm/renderers/webgl/utils/WebGLExtensions.js
18 notice 11.1kB examples/jsm/renderers/webgl/utils/WebGLState.js
18 notice 5.8kB examples/jsm/renderers/webgl/utils/WebGLTextureUtils.js
18 notice 9.4kB examples/jsm/renderers/webgl/utils/WebGLUtils.js
18 notice 12.1kB examples/jsm/renderers/webgl/WebGLBackend.js
18 notice 19.7kB examples/jsm/renderers/webgpu/nodes/WGSLNodeBuilder.js
18 notice 2.0kB examples/jsm/renderers/webgpu/nodes/WGSLNodeFunction.js
18 notice 266B examples/jsm/renderers/webgpu/nodes/WGSLNodeParser.js
18 notice 6.1kB examples/jsm/renderers/webgpu/utils/WebGPUAttributeUtils.js
18 notice 5.2kB examples/jsm/renderers/webgpu/utils/WebGPUBindingUtils.js
18 notice 7.6kB examples/jsm/renderers/webgpu/utils/WebGPUConstants.js
18 notice 13.5kB examples/jsm/renderers/webgpu/utils/WebGPUPipelineUtils.js
18 notice 3.6kB examples/jsm/renderers/webgpu/utils/WebGPUTextureMipmapUtils.js
18 notice 25.2kB examples/jsm/renderers/webgpu/utils/WebGPUTextureUtils.js
18 notice 1.7kB examples/jsm/renderers/webgpu/utils/WebGPUUtils.js
18 notice 24.9kB examples/jsm/renderers/webgpu/WebGPUBackend.js
18 notice 902B examples/jsm/renderers/webgpu/WebGPURenderer.js
18 notice 1.9kB examples/jsm/shaders/ACESFilmicToneMappingShader.js
18 notice 875B examples/jsm/shaders/AfterimageShader.js
18 notice 328B examples/jsm/shaders/BasicShader.js
18 notice 1.2kB examples/jsm/shaders/BleachBypassShader.js
18 notice 731B examples/jsm/shaders/BlendShader.js
18 notice 5.7kB examples/jsm/shaders/BokehShader.js
18 notice 9.6kB examples/jsm/shaders/BokehShader2.js
18 notice 1.0kB examples/jsm/shaders/BrightnessContrastShader.js
18 notice 789B examples/jsm/shaders/ColorCorrectionShader.js
18 notice 704B examples/jsm/shaders/ColorifyShader.js
18 notice 1.8kB examples/jsm/shaders/ConvolutionShader.js
18 notice 571B examples/jsm/shaders/CopyShader.js
18 notice 3.7kB examples/jsm/shaders/DepthLimitedBlurShader.js
18 notice 2.6kB examples/jsm/shaders/DigitalGlitch.js
18 notice 891B examples/jsm/shaders/DOFMipMapShader.js
18 notice 1.2kB examples/jsm/shaders/DotScreenShader.js
18 notice 567B examples/jsm/shaders/ExposureShader.js
18 notice 914B examples/jsm/shaders/FilmShader.js
18 notice 2.3kB examples/jsm/shaders/FocusShader.js
18 notice 2.9kB examples/jsm/shaders/FreiChenShader.js
18 notice 8.5kB examples/jsm/shaders/FXAAShader.js
18 notice 591B examples/jsm/shaders/GammaCorrectionShader.js
18 notice 6.7kB examples/jsm/shaders/GodRaysShader.js
18 notice 8.6kB examples/jsm/shaders/HalftoneShader.js
18 notice 1.5kB examples/jsm/shaders/HorizontalBlurShader.js
18 notice 1.5kB examples/jsm/shaders/HorizontalTiltShiftShader.js
18 notice 1.4kB examples/jsm/shaders/HueSaturationShader.js
18 notice 989B examples/jsm/shaders/KaleidoShader.js
18 notice 1.2kB examples/jsm/shaders/LuminosityHighPassShader.js
18 notice 596B examples/jsm/shaders/LuminosityShader.js
18 notice 890B examples/jsm/shaders/MirrorShader.js
18 notice 3.3kB examples/jsm/shaders/MMDToonShader.js
18 notice 968B examples/jsm/shaders/NormalMapShader.js
18 notice 1.3kB examples/jsm/shaders/OutputShader.js
18 notice 1.1kB examples/jsm/shaders/RGBShiftShader.js
18 notice 4.8kB examples/jsm/shaders/SAOShader.js
18 notice 936B examples/jsm/shaders/SepiaShader.js
18 notice 14.5kB examples/jsm/shaders/SMAAShader.js
18 notice 2.3kB examples/jsm/shaders/SobelOperatorShader.js
18 notice 6.4kB examples/jsm/shaders/SSAOShader.js
18 notice 9.3kB examples/jsm/shaders/SSRShader.js
18 notice 2.9kB examples/jsm/shaders/SubsurfaceScatteringShader.js
18 notice 835B examples/jsm/shaders/TechnicolorShader.js
18 notice 6.8kB examples/jsm/shaders/ToonShader.js
18 notice 1.2kB examples/jsm/shaders/TriangleBlurShader.js
18 notice 676B examples/jsm/shaders/UnpackDepthRGBAShader.js
18 notice 3.0kB examples/jsm/shaders/VelocityShader.js
18 notice 1.4kB examples/jsm/shaders/VerticalBlurShader.js
18 notice 1.5kB examples/jsm/shaders/VerticalTiltShiftShader.js
18 notice 893B examples/jsm/shaders/VignetteShader.js
18 notice 9.7kB examples/jsm/shaders/VolumeShader.js
18 notice 1.8kB examples/jsm/shaders/WaterRefractionShader.js
18 notice 876B examples/jsm/textures/FlakesTexture.js
18 notice 31.8kB examples/jsm/utils/BufferGeometryUtils.js
18 notice 2.9kB examples/jsm/utils/CameraUtils.js
18 notice 14.7kB examples/jsm/utils/GeometryCompressionUtils.js
18 notice 5.1kB examples/jsm/utils/GeometryUtils.js
18 notice 2.5kB examples/jsm/utils/GPUStatsPanel.js
18 notice 5.8kB examples/jsm/utils/LDrawUtils.js
18 notice 4.0kB examples/jsm/utils/PackedPhongMaterial.js
18 notice 5.5kB examples/jsm/utils/SceneUtils.js
18 notice 5.6kB examples/jsm/utils/ShadowMapViewer.js
18 notice 8.0kB examples/jsm/utils/SkeletonUtils.js
18 notice 2.2kB examples/jsm/utils/TextureUtils.js
18 notice 3.1kB examples/jsm/utils/UVsDebug.js
18 notice 1.7kB examples/jsm/utils/WorkerPool.js
18 notice 4.4kB examples/jsm/webxr/ARButton.js
18 notice 1.8kB examples/jsm/webxr/OculusHandModel.js
18 notice 10.1kB examples/jsm/webxr/OculusHandPointerModel.js
18 notice 1.0kB examples/jsm/webxr/Text2D.js
18 notice 4.2kB examples/jsm/webxr/VRButton.js
18 notice 3.6kB examples/jsm/webxr/XRButton.js
18 notice 7.0kB examples/jsm/webxr/XRControllerModelFactory.js
18 notice 5.3kB examples/jsm/webxr/XREstimatedLight.js
18 notice 2.4kB examples/jsm/webxr/XRHandMeshModel.js
18 notice 1.8kB examples/jsm/webxr/XRHandModelFactory.js
18 notice 2.3kB examples/jsm/webxr/XRHandPrimitiveModel.js
18 notice 1.9kB examples/jsm/webxr/XRPlanes.js
18 notice 3.8kB package.json
18 notice 12.6kB src/animation/AnimationAction.js
18 notice 9.5kB src/animation/AnimationClip.js
18 notice 16.5kB src/animation/AnimationMixer.js
18 notice 9.2kB src/animation/AnimationObjectGroup.js
18 notice 8.2kB src/animation/AnimationUtils.js
18 notice 9.3kB src/animation/KeyframeTrack.js
18 notice 16.4kB src/animation/PropertyBinding.js
18 notice 6.8kB src/animation/PropertyMixer.js
18 notice 757B src/animation/tracks/BooleanKeyframeTrack.js
18 notice 445B src/animation/tracks/ColorKeyframeTrack.js
18 notice 311B src/animation/tracks/NumberKeyframeTrack.js
18 notice 755B src/animation/tracks/QuaternionKeyframeTrack.js
18 notice 575B src/animation/tracks/StringKeyframeTrack.js
18 notice 312B src/animation/tracks/VectorKeyframeTrack.js
18 notice 6.1kB src/audio/Audio.js
18 notice 591B src/audio/AudioAnalyser.js
18 notice 284B src/audio/AudioContext.js
18 notice 2.9kB src/audio/AudioListener.js
18 notice 2.7kB src/audio/PositionalAudio.js
18 notice 236B src/cameras/ArrayCamera.js
18 notice 1.4kB src/cameras/Camera.js
18 notice 4.0kB src/cameras/CubeCamera.js
18 notice 2.8kB src/cameras/OrthographicCamera.js
18 notice 5.3kB src/cameras/PerspectiveCamera.js
18 notice 2.7kB src/cameras/StereoCamera.js
18 notice 7.7kB src/constants.js
18 notice 10.5kB src/core/BufferAttribute.js
18 notice 20.8kB src/core/BufferGeometry.js
18 notice 890B src/core/Clock.js
18 notice 1.5kB src/core/EventDispatcher.js
18 notice 725B src/core/GLBufferAttribute.js
18 notice 631B src/core/InstancedBufferAttribute.js
18 notice 562B src/core/InstancedBufferGeometry.js
18 notice 747B src/core/InstancedInterleavedBuffer.js
18 notice 2.4kB src/core/InterleavedBuffer.js
18 notice 5.9kB src/core/InterleavedBufferAttribute.js
18 notice 577B src/core/Layers.js
18 notice 17.8kB src/core/Object3D.js
18 notice 2.2kB src/core/Raycaster.js
18 notice 3.4kB src/core/RenderTarget.js
18 notice 199B src/core/Uniform.js
18 notice 1.2kB src/core/UniformsGroup.js
18 notice 8.0kB src/extras/core/Curve.js
18 notice 4.6kB src/extras/core/CurvePath.js
18 notice 1.2kB src/extras/core/Interpolations.js
18 notice 3.6kB src/extras/core/Path.js
18 notice 1.4kB src/extras/core/Shape.js
18 notice 5.8kB src/extras/core/ShapePath.js
18 notice 317B src/extras/curves/ArcCurve.js
18 notice 5.5kB src/extras/curves/CatmullRomCurve3.js
18 notice 1.3kB src/extras/curves/CubicBezierCurve.js
18 notice 1.4kB src/extras/curves/CubicBezierCurve3.js
18 notice 540B src/extras/curves/Curves.js
18 notice 2.8kB src/extras/curves/EllipseCurve.js
18 notice 1.3kB src/extras/curves/LineCurve.js
18 notice 1.3kB src/extras/curves/LineCurve3.js
18 notice 1.2kB src/extras/curves/QuadraticBezierCurve.js
18 notice 1.2kB src/extras/curves/QuadraticBezierCurve3.js
18 notice 1.7kB src/extras/curves/SplineCurve.js
18 notice 3.5kB src/extras/DataUtils.js
18 notice 17.7kB src/extras/Earcut.js
18 notice 2.5kB src/extras/ImageUtils.js
18 notice 21.8kB src/extras/PMREMGenerator.js
18 notice 1.5kB src/extras/ShapeUtils.js
18 notice 4.3kB src/geometries/BoxGeometry.js
18 notice 760B src/geometries/CapsuleGeometry.js
18 notice 2.0kB src/geometries/CircleGeometry.js
18 notice 810B src/geometries/ConeGeometry.js
18 notice 5.9kB src/geometries/CylinderGeometry.js
18 notice 1.4kB src/geometries/DodecahedronGeometry.js
18 notice 4.1kB src/geometries/EdgesGeometry.js
18 notice 18.3kB src/geometries/ExtrudeGeometry.js
18 notice 797B src/geometries/Geometries.js
18 notice 896B src/geometries/IcosahedronGeometry.js
18 notice 3.9kB src/geometries/LatheGeometry.js
18 notice 641B src/geometries/OctahedronGeometry.js
18 notice 2.0kB src/geometries/PlaneGeometry.js
18 notice 6.4kB src/geometries/PolyhedronGeometry.js
18 notice 2.8kB src/geometries/RingGeometry.js
18 notice 3.7kB src/geometries/ShapeGeometry.js
18 notice 3.1kB src/geometries/SphereGeometry.js
18 notice 590B src/geometries/TetrahedronGeometry.js
18 notice 2.6kB src/geometries/TorusGeometry.js
18 notice 4.3kB src/geometries/TorusKnotGeometry.js
18 notice 4.4kB src/geometries/TubeGeometry.js
18 notice 3.0kB src/geometries/WireframeGeometry.js
18 notice 2.7kB src/helpers/ArrowHelper.js
18 notice 1.5kB src/helpers/AxesHelper.js
18 notice 1.3kB src/helpers/Box3Helper.js
18 notice 2.5kB src/helpers/BoxHelper.js
18 notice 8.4kB src/helpers/CameraHelper.js
18 notice 2.2kB src/helpers/DirectionalLightHelper.js
18 notice 1.5kB src/helpers/GridHelper.js
18 notice 2.0kB src/helpers/HemisphereLightHelper.js
18 notice 1.7kB src/helpers/PlaneHelper.js
18 notice 1.7kB src/helpers/PointLightHelper.js
18 notice 2.1kB src/helpers/PolarGridHelper.js
18 notice 2.9kB src/helpers/SkeletonHelper.js
18 notice 2.0kB src/helpers/SpotLightHelper.js
18 notice 233B src/lights/AmbientLight.js
18 notice 517B src/lights/AmbientLightProbe.js
18 notice 703B src/lights/DirectionalLight.js
18 notice 337B src/lights/DirectionalLightShadow.js
18 notice 605B src/lights/HemisphereLight.js
18 notice 879B src/lights/HemisphereLightProbe.js
18 notice 1.2kB src/lights/Light.js
18 notice 679B src/lights/LightProbe.js
18 notice 2.6kB src/lights/LightShadow.js
18 notice 1.0kB src/lights/PointLight.js
18 notice 2.6kB src/lights/PointLightShadow.js
18 notice 926B src/lights/RectAreaLight.js
18 notice 1.4kB src/lights/SpotLight.js
18 notice 925B src/lights/SpotLightShadow.js
18 notice 1.0kB src/loaders/AnimationLoader.js
18 notice 1.2kB src/loaders/AudioLoader.js
18 notice 5.6kB src/loaders/BufferGeometryLoader.js
18 notice 503B src/loaders/Cache.js
18 notice 2.7kB src/loaders/CompressedTextureLoader.js
18 notice 959B src/loaders/CubeTextureLoader.js
18 notice 2.8kB src/loaders/DataTextureLoader.js
18 notice 5.6kB src/loaders/FileLoader.js
18 notice 1.8kB src/loaders/ImageBitmapLoader.js
18 notice 1.5kB src/loaders/ImageLoader.js
18 notice 1.1kB src/loaders/Loader.js
18 notice 1.3kB src/loaders/LoaderUtils.js
18 notice 2.0kB src/loaders/LoadingManager.js
18 notice 13.9kB src/loaders/MaterialLoader.js
18 notice 25.0kB src/loaders/ObjectLoader.js
18 notice 679B src/loaders/TextureLoader.js
18 notice 727B src/materials/LineBasicMaterial.js
18 notice 524B src/materials/LineDashedMaterial.js
18 notice 14.7kB src/materials/Material.js
18 notice 1.4kB src/materials/Materials.js
18 notice 1.6kB src/materials/MeshBasicMaterial.js
18 notice 977B src/materials/MeshDepthMaterial.js
18 notice 699B src/materials/MeshDistanceMaterial.js
18 notice 2.6kB src/materials/MeshLambertMaterial.js
18 notice 1.5kB src/materials/MeshMatcapMaterial.js
18 notice 1.3kB src/materials/MeshNormalMaterial.js
18 notice 2.7kB src/materials/MeshPhongMaterial.js
18 notice 4.3kB src/materials/MeshPhysicalMaterial.js
18 notice 2.7kB src/materials/MeshStandardMaterial.js
18 notice 2.2kB src/materials/MeshToonMaterial.js
18 notice 719B src/materials/PointsMaterial.js
18 notice 268B src/materials/RawShaderMaterial.js
18 notice 4.0kB src/materials/ShaderMaterial.js
18 notice 513B src/materials/ShadowMaterial.js
18 notice 761B src/materials/SpriteMaterial.js
18 notice 3.2kB src/math/Box2.js
18 notice 11.1kB src/math/Box3.js
18 notice 13.7kB src/math/Color.js
18 notice 3.5kB src/math/ColorManagement.js
18 notice 953B src/math/Cylindrical.js
18 notice 4.8kB src/math/Euler.js
18 notice 3.9kB src/math/Frustum.js
18 notice 4.3kB src/math/Interpolant.js
18 notice 3.0kB src/math/interpolants/CubicInterpolant.js
18 notice 482B src/math/interpolants/DiscreteInterpolant.js
18 notice 704B src/math/interpolants/LinearInterpolant.js
18 notice 789B src/math/interpolants/QuaternionLinearInterpolant.js
18 notice 1.8kB src/math/Line3.js
18 notice 8.5kB src/math/MathUtils.js
18 notice 6.1kB src/math/Matrix3.js
18 notice 19.7kB src/math/Matrix4.js
18 notice 3.6kB src/math/Plane.js
18 notice 12.5kB src/math/Quaternion.js
18 notice 10.0kB src/math/Ray.js
18 notice 3.7kB src/math/Sphere.js
18 notice 1.4kB src/math/Spherical.js
18 notice 4.5kB src/math/SphericalHarmonics3.js
18 notice 7.1kB src/math/Triangle.js
18 notice 5.7kB src/math/Vector2.js
18 notice 10.9kB src/math/Vector3.js
18 notice 10.1kB src/math/Vector4.js
18 notice 180B src/objects/Bone.js
18 notice 184B src/objects/Group.js
18 notice 4.3kB src/objects/InstancedMesh.js
18 notice 5.7kB src/objects/Line.js
18 notice 218B src/objects/LineLoop.js
18 notice 1.2kB src/objects/LineSegments.js
18 notice 3.2kB src/objects/LOD.js
18 notice 10.6kB src/objects/Mesh.js
18 notice 4.0kB src/objects/Points.js
18 notice 5.2kB src/objects/Skeleton.js
18 notice 5.7kB src/objects/SkinnedMesh.js
18 notice 4.8kB src/objects/Sprite.js
18 notice 15.3kB src/renderers/shaders/ShaderChunk.js
18 notice 129B src/renderers/shaders/ShaderChunk/alphahash_fragment.glsl.js
18 notice 1.8kB src/renderers/shaders/ShaderChunk/alphahash_pars_fragment.glsl.js
18 notice 116B src/renderers/shaders/ShaderChunk/alphamap_fragment.glsl.js
18 notice 88B src/renderers/shaders/ShaderChunk/alphamap_pars_fragment.glsl.js
18 notice 104B src/renderers/shaders/ShaderChunk/alphatest_fragment.glsl.js
18 notice 84B src/renderers/shaders/ShaderChunk/alphatest_pars_fragment.glsl.js
18 notice 532B src/renderers/shaders/ShaderChunk/aomap_fragment.glsl.js
18 notice 113B src/renderers/shaders/ShaderChunk/aomap_pars_fragment.glsl.js
18 notice 129B src/renderers/shaders/ShaderChunk/begin_vertex.glsl.js
18 notice 138B src/renderers/shaders/ShaderChunk/beginnormal_vertex.glsl.js
18 notice 845B src/renderers/shaders/ShaderChunk/bsdfs.glsl.js
18 notice 1.1kB src/renderers/shaders/ShaderChunk/bumpmap_pars_fragment.glsl.js
18 notice 100B src/renderers/shaders/ShaderChunk/clearcoat_normal_fragment_begin.glsl.js
18 notice 262B src/renderers/shaders/ShaderChunk/clearcoat_normal_fragment_maps.glsl.js
18 notice 299B src/renderers/shaders/ShaderChunk/clearcoat_pars_fragment.glsl.js
18 notice 630B src/renderers/shaders/ShaderChunk/clipping_planes_fragment.glsl.js
18 notice 150B src/renderers/shaders/ShaderChunk/clipping_planes_pars_fragment.glsl.js
18 notice 96B src/renderers/shaders/ShaderChunk/clipping_planes_pars_vertex.glsl.js
18 notice 102B src/renderers/shaders/ShaderChunk/clipping_planes_vertex.glsl.js
18 notice 153B src/renderers/shaders/ShaderChunk/color_fragment.glsl.js
18 notice 143B src/renderers/shaders/ShaderChunk/color_pars_fragment.glsl.js
18 notice 178B src/renderers/shaders/ShaderChunk/color_pars_vertex.glsl.js
18 notice 297B src/renderers/shaders/ShaderChunk/color_vertex.glsl.js
18 notice 82B src/renderers/shaders/ShaderChunk/colorspace_fragment.glsl.js
18 notice 293B src/renderers/shaders/ShaderChunk/colorspace_pars_fragment.glsl.js
18 notice 3.9kB src/renderers/shaders/ShaderChunk/common.glsl.js
18 notice 4.0kB src/renderers/shaders/ShaderChunk/cube_uv_reflection_fragment.glsl.js
18 notice 90B src/renderers/shaders/ShaderChunk/default_fragment.glsl.js
18 notice 121B src/renderers/shaders/ShaderChunk/default_vertex.glsl.js
18 notice 705B src/renderers/shaders/ShaderChunk/defaultnormal_vertex.glsl.js
18 notice 169B src/renderers/shaders/ShaderChunk/displacementmap_pars_vertex.glsl.js
18 notice 205B src/renderers/shaders/ShaderChunk/displacementmap_vertex.glsl.js
18 notice 107B src/renderers/shaders/ShaderChunk/dithering_fragment.glsl.js
18 notice 608B src/renderers/shaders/ShaderChunk/dithering_pars_fragment.glsl.js
18 notice 172B src/renderers/shaders/ShaderChunk/emissivemap_fragment.glsl.js
18 notice 94B src/renderers/shaders/ShaderChunk/emissivemap_pars_fragment.glsl.js
18 notice 216B src/renderers/shaders/ShaderChunk/envmap_common_pars_fragment.glsl.js
18 notice 1.2kB src/renderers/shaders/ShaderChunk/envmap_fragment.glsl.js
18 notice 345B src/renderers/shaders/ShaderChunk/envmap_pars_fragment.glsl.js
18 notice 320B src/renderers/shaders/ShaderChunk/envmap_pars_vertex.glsl.js
18 notice 1.7kB src/renderers/shaders/ShaderChunk/envmap_physical_pars_fragment.glsl.js
18 notice 647B src/renderers/shaders/ShaderChunk/envmap_vertex.glsl.js
18 notice 303B src/renderers/shaders/ShaderChunk/fog_fragment.glsl.js
18 notice 218B src/renderers/shaders/ShaderChunk/fog_pars_fragment.glsl.js
18 notice 80B src/renderers/shaders/ShaderChunk/fog_pars_vertex.glsl.js
18 notice 83B src/renderers/shaders/ShaderChunk/fog_vertex.glsl.js
18 notice 512B src/renderers/shaders/ShaderChunk/gradientmap_pars_fragment.glsl.js
18 notice 3.6kB src/renderers/shaders/ShaderChunk/iridescence_fragment.glsl.js
18 notice 191B src/renderers/shaders/ShaderChunk/iridescence_pars_fragment.glsl.js
18 notice 239B src/renderers/shaders/ShaderChunk/lightmap_fragment.glsl.js
18 notice 122B src/renderers/shaders/ShaderChunk/lightmap_pars_fragment.glsl.js
18 notice 5.8kB src/renderers/shaders/ShaderChunk/lights_fragment_begin.glsl.js
18 notice 293B src/renderers/shaders/ShaderChunk/lights_fragment_end.glsl.js
18 notice 904B src/renderers/shaders/ShaderChunk/lights_fragment_maps.glsl.js
18 notice 144B src/renderers/shaders/ShaderChunk/lights_lambert_fragment.glsl.js
18 notice 873B src/renderers/shaders/ShaderChunk/lights_lambert_pars_fragment.glsl.js
18 notice 5.5kB src/renderers/shaders/ShaderChunk/lights_pars_begin.glsl.js
18 notice 222B src/renderers/shaders/ShaderChunk/lights_phong_fragment.glsl.js
18 notice 1.1kB src/renderers/shaders/ShaderChunk/lights_phong_pars_fragment.glsl.js
18 notice 4.0kB src/renderers/shaders/ShaderChunk/lights_physical_fragment.glsl.js
18 notice 17.9kB src/renderers/shaders/ShaderChunk/lights_physical_pars_fragment.glsl.js
18 notice 95B src/renderers/shaders/ShaderChunk/lights_toon_fragment.glsl.js
18 notice 811B src/renderers/shaders/ShaderChunk/lights_toon_pars_fragment.glsl.js
18 notice 315B src/renderers/shaders/ShaderChunk/logdepthbuf_fragment.glsl.js
18 notice 192B src/renderers/shaders/ShaderChunk/logdepthbuf_pars_fragment.glsl.js
18 notice 200B src/renderers/shaders/ShaderChunk/logdepthbuf_pars_vertex.glsl.js
18 notice 393B src/renderers/shaders/ShaderChunk/logdepthbuf_vertex.glsl.js
18 notice 534B src/renderers/shaders/ShaderChunk/map_fragment.glsl.js
18 notice 78B src/renderers/shaders/ShaderChunk/map_pars_fragment.glsl.js
18 notice 381B src/renderers/shaders/ShaderChunk/map_particle_fragment.glsl.js
18 notice 292B src/renderers/shaders/ShaderChunk/map_particle_pars_fragment.glsl.js
18 notice 294B src/renderers/shaders/ShaderChunk/metalnessmap_fragment.glsl.js
18 notice 96B src/renderers/shaders/ShaderChunk/metalnessmap_pars_fragment.glsl.js
18 notice 861B src/renderers/shaders/ShaderChunk/morphcolor_vertex.glsl.js
18 notice 936B src/renderers/shaders/ShaderChunk/morphnormal_vertex.glsl.js
18 notice 832B src/renderers/shaders/ShaderChunk/morphtarget_pars_vertex.glsl.js
18 notice 1.2kB src/renderers/shaders/ShaderChunk/morphtarget_vertex.glsl.js
18 notice 1.3kB src/renderers/shaders/ShaderChunk/normal_fragment_begin.glsl.js
18 notice 642B src/renderers/shaders/ShaderChunk/normal_fragment_maps.glsl.js
18 notice 165B src/renderers/shaders/ShaderChunk/normal_pars_fragment.glsl.js
18 notice 165B src/renderers/shaders/ShaderChunk/normal_pars_vertex.glsl.js
18 notice 303B src/renderers/shaders/ShaderChunk/normal_vertex.glsl.js
18 notice 971B src/renderers/shaders/ShaderChunk/normalmap_pars_fragment.glsl.js
18 notice 206B src/renderers/shaders/ShaderChunk/opaque_fragment.glsl.js
18 notice 2.2kB src/renderers/shaders/ShaderChunk/packing.glsl.js
18 notice 223B src/renderers/shaders/ShaderChunk/premultiplied_alpha_fragment.glsl.js
18 notice 239B src/renderers/shaders/ShaderChunk/project_vertex.glsl.js
18 notice 294B src/renderers/shaders/ShaderChunk/roughnessmap_fragment.glsl.js
18 notice 96B src/renderers/shaders/ShaderChunk/roughnessmap_pars_fragment.glsl.js
18 notice 10.0kB src/renderers/shaders/ShaderChunk/shadowmap_pars_fragment.glsl.js
18 notice 1.4kB src/renderers/shaders/ShaderChunk/shadowmap_pars_vertex.glsl.js
18 notice 1.8kB src/renderers/shaders/ShaderChunk/shadowmap_vertex.glsl.js
18 notice 1.5kB src/renderers/shaders/ShaderChunk/shadowmask_pars_fragment.glsl.js
18 notice 247B src/renderers/shaders/ShaderChunk/skinbase_vertex.glsl.js
18 notice 795B src/renderers/shaders/ShaderChunk/skinning_pars_vertex.glsl.js
18 notice 400B src/renderers/shaders/ShaderChunk/skinning_vertex.glsl.js
18 notice 481B src/renderers/shaders/ShaderChunk/skinnormal_vertex.glsl.js
18 notice 221B src/renderers/shaders/ShaderChunk/specularmap_fragment.glsl.js
18 notice 94B src/renderers/shaders/ShaderChunk/specularmap_pars_fragment.glsl.js
18 notice 120B src/renderers/shaders/ShaderChunk/tonemapping_fragment.glsl.js
18 notice 2.0kB src/renderers/shaders/ShaderChunk/tonemapping_pars_fragment.glsl.js
18 notice 1.1kB src/renderers/shaders/ShaderChunk/transmission_fragment.glsl.js
18 notice 6.2kB src/renderers/shaders/ShaderChunk/transmission_pars_fragment.glsl.js
18 notice 1.6kB src/renderers/shaders/ShaderChunk/uv_pars_fragment.glsl.js
18 notice 2.5kB src/renderers/shaders/ShaderChunk/uv_pars_vertex.glsl.js
18 notice 2.8kB src/renderers/shaders/ShaderChunk/uv_vertex.glsl.js
18 notice 357B src/renderers/shaders/ShaderChunk/worldpos_vertex.glsl.js
18 notice 8.3kB src/renderers/shaders/ShaderLib.js
18 notice 829B src/renderers/shaders/ShaderLib/background.glsl.js
18 notice 1.1kB src/renderers/shaders/ShaderLib/backgroundCube.glsl.js
18 notice 654B src/renderers/shaders/ShaderLib/cube.glsl.js
18 notice 2.1kB src/renderers/shaders/ShaderLib/depth.glsl.js
18 notice 1.6kB src/renderers/shaders/ShaderLib/distanceRGBA.glsl.js
18 notice 568B src/renderers/shaders/ShaderLib/equirect.glsl.js
18 notice 1.5kB src/renderers/shaders/ShaderLib/linedashed.glsl.js
18 notice 2.6kB src/renderers/shaders/ShaderLib/meshbasic.glsl.js
18 notice 3.1kB src/renderers/shaders/ShaderLib/meshlambert.glsl.js
18 notice 2.6kB src/renderers/shaders/ShaderLib/meshmatcap.glsl.js
18 notice 1.7kB src/renderers/shaders/ShaderLib/meshnormal.glsl.js
18 notice 3.2kB src/renderers/shaders/ShaderLib/meshphong.glsl.js
18 notice 5.4kB src/renderers/shaders/ShaderLib/meshphysical.glsl.js
18 notice 2.9kB src/renderers/shaders/ShaderLib/meshtoon.glsl.js
18 notice 1.7kB src/renderers/shaders/ShaderLib/points.glsl.js
18 notice 1.1kB src/renderers/shaders/ShaderLib/shadow.glsl.js
18 notice 2.0kB src/renderers/shaders/ShaderLib/sprite.glsl.js
18 notice 1.2kB src/renderers/shaders/ShaderLib/vsm.glsl.js
18 notice 4.5kB src/renderers/shaders/UniformsLib.js
18 notice 1.7kB src/renderers/shaders/UniformsUtils.js
18 notice 767B src/renderers/webgl/WebGLAnimation.js
18 notice 3.5kB src/renderers/webgl/WebGLAttributes.js
18 notice 6.3kB src/renderers/webgl/WebGLBackground.js
18 notice 13.6kB src/renderers/webgl/WebGLBindingStates.js
18 notice 1.1kB src/renderers/webgl/WebGLBufferRenderer.js
18 notice 3.2kB src/renderers/webgl/WebGLCapabilities.js
18 notice 3.4kB src/renderers/webgl/WebGLClipping.js
18 notice 2.0kB src/renderers/webgl/WebGLCubeMaps.js
18 notice 2.8kB src/renderers/webgl/WebGLCubeUVMaps.js
18 notice 2.2kB src/renderers/webgl/WebGLExtensions.js
18 notice 3.9kB src/renderers/webgl/WebGLGeometries.js
18 notice 1.3kB src/renderers/webgl/WebGLIndexedBufferRenderer.js
18 notice 1.0kB src/renderers/webgl/WebGLInfo.js
18 notice 13.4kB src/renderers/webgl/WebGLLights.js
18 notice 13.4kB src/renderers/webgl/WebGLMaterials.js
18 notice 7.8kB src/renderers/webgl/WebGLMorphtargets.js
18 notice 1.6kB src/renderers/webgl/WebGLObjects.js
18 notice 29.6kB src/renderers/webgl/WebGLProgram.js
18 notice 20.4kB src/renderers/webgl/WebGLPrograms.js
18 notice 560B src/renderers/webgl/WebGLProperties.js
18 notice 4.1kB src/renderers/webgl/WebGLRenderLists.js
18 notice 1.7kB src/renderers/webgl/WebGLRenderStates.js
18 notice 196B src/renderers/webgl/WebGLShader.js
18 notice 2.0kB src/renderers/webgl/WebGLShaderCache.js
18 notice 10.6kB src/renderers/webgl/WebGLShadowMap.js
18 notice 25.2kB src/renderers/webgl/WebGLState.js
18 notice 59.8kB src/renderers/webgl/WebGLTextures.js
18 notice 20.3kB src/renderers/webgl/WebGLUniforms.js
18 notice 8.6kB src/renderers/webgl/WebGLUniformsGroups.js
18 notice 10.7kB src/renderers/webgl/WebGLUtils.js
18 notice 178B src/renderers/WebGL1Renderer.js
18 notice 470B src/renderers/WebGL3DRenderTarget.js
18 notice 488B src/renderers/WebGLArrayRenderTarget.js
18 notice 4.4kB src/renderers/WebGLCubeRenderTarget.js
18 notice 1.7kB src/renderers/WebGLMultipleRenderTargets.js
18 notice 65.8kB src/renderers/WebGLRenderer.js
18 notice 269B src/renderers/WebGLRenderTarget.js
18 notice 6.5kB src/renderers/webxr/WebXRController.js
18 notice 18.2kB src/renderers/webxr/WebXRManager.js
18 notice 442B src/scenes/Fog.js
18 notice 427B src/scenes/FogExp2.js
18 notice 1.4kB src/scenes/Scene.js
18 notice 361B src/textures/CanvasTexture.js
18 notice 434B src/textures/CompressedArrayTexture.js
18 notice 448B src/textures/CompressedCubeTexture.js
18 notice 703B src/textures/CompressedTexture.js
18 notice 642B src/textures/CubeTexture.js
18 notice 793B src/textures/Data3DTexture.js
18 notice 544B src/textures/DataArrayTexture.js
18 notice 603B src/textures/DataTexture.js
18 notice 1.4kB src/textures/DepthTexture.js
18 notice 403B src/textures/FramebufferTexture.js
18 notice 1.9kB src/textures/Source.js
18 notice 6.8kB src/textures/Texture.js
18 notice 1.1kB src/textures/VideoTexture.js
18 notice 9.8kB src/Three.js
18 notice 1B src/Three.Legacy.js
18 notice 1.6kB src/utils.js
19 notice Tarball Details
20 notice name: three
21 notice version: 0.156.1
22 notice filename: three-0.156.1.tgz
23 notice package size: 6.1 MB
24 notice unpacked size: 23.4 MB
25 notice shasum: bab4fec121a5b3975eb4f4d227d9c912171eb399
26 notice integrity: sha512-kP7H0FK9d/k6t[...]T1HgsRRrO6SYQ==
27 notice total files: 920
28 notice
29 verbose cwd D:\04_made_C#\InoRobotAssistant\tmp\vendor
30 verbose os Windows_NT 10.0.26200
31 verbose node v24.15.0
32 verbose npm  v11.12.1
33 verbose exit 0
34 info ok
